// Vitest Snapshot v1, https://vitest.dev/guide/snapshot.html

exports[`KeyValueRow Tests > matches the snapshot 1`] = `
<div
  class="px-4 py-6 sm:grid sm:grid-cols-4 sm:gap-4 sm:px-0"
>
  <dt
    class="text-sm leading-6 text-customBlack sm:col-span-1"
  >
    Snapshot Label
  </dt>
  <dd
    class="mt-1 text-sm font-medium leading-6 text-customBlack sm:col-span-3 sm:mt-0 sm:mr-8"
  >
    Snapshot Content
  </dd>
</div>
`;

exports[`KeyValueRow Tests matches the snapshot 1`] = `
<div
  class="px-4 py-6 sm:grid sm:grid-cols-4 sm:gap-4 sm:px-0"
>
  <dt
    class="text-sm leading-6 text-customBlack sm:col-span-1"
  >
    Snapshot Label
  </dt>
  <dd
    class="mt-1 text-sm font-medium leading-6 text-customBlack sm:col-span-3 sm:mt-0 sm:mr-8"
  >
    Snapshot Content
  </dd>
</div>
`;
